# 1 "test.c"
# 1 "qwerty.h" 1
	rts

#print 12+12
~print 10+10
# 1 "test.c" 2


~print 5+5
